[    0.000000] Linux version 4.15.0-156-generic (buildd@lcy01-amd64-008) (gcc version 7.5.0 (Ubuntu 7.5.0-3ubuntu1~18.04)) #163-Ubuntu SMP Thu Aug 19 23:31:58 UTC 2021 (Ubuntu 4.15.0-156.163-generic 4.15.18)
[    0.000000] Command line: BOOT_IMAGE=/boot/vmlinuz-4.15.0-156-generic root=LABEL=cloudimg-rootfs ro console=tty1 console=ttyS0
[    0.000000] KERNEL supported cpus:
[    0.000000]   Intel GenuineIntel
[    0.000000]   AMD AuthenticAMD
[    0.000000]   Centaur CentaurHauls
[    0.000000] [Firmware Bug]: TSC doesn't count with P0 frequency!
[    0.000000] x86/fpu: Supporting XSAVE feature 0x001: 'x87 floating point registers'
[    0.000000] x86/fpu: Supporting XSAVE feature 0x002: 'SSE registers'
[    0.000000] x86/fpu: Supporting XSAVE feature 0x004: 'AVX registers'
[    0.000000] x86/fpu: xstate_offset[2]:  576, xstate_sizes[2]:  256
[    0.000000] x86/fpu: Enabled xstate features 0x7, context size is 832 bytes, using 'standard' format.
[    0.000000] e820: BIOS-provided physical RAM map:
[    0.000000] BIOS-e820: [mem 0x0000000000000000-0x000000000009fbff] usable
[    0.000000] BIOS-e820: [mem 0x000000000009fc00-0x000000000009ffff] reserved
[    0.000000] BIOS-e820: [mem 0x00000000000f0000-0x00000000000fffff] reserved
[    0.000000] BIOS-e820: [mem 0x0000000000100000-0x00000000dffeffff] usable
[    0.000000] BIOS-e820: [mem 0x00000000dfff0000-0x00000000dfffffff] ACPI data
[    0.000000] BIOS-e820: [mem 0x00000000fec00000-0x00000000fec00fff] reserved
[    0.000000] BIOS-e820: [mem 0x00000000fee00000-0x00000000fee00fff] reserved
[    0.000000] BIOS-e820: [mem 0x00000000fffc0000-0x00000000ffffffff] reserved
[    0.000000] BIOS-e820: [mem 0x0000000100000000-0x000000019fffffff] usable
[    0.000000] NX (Execute Disable) protection: active
[    0.000000] SMBIOS 2.5 present.
[    0.000000] DMI: innotek GmbH VirtualBox/VirtualBox, BIOS VirtualBox 12/01/2006
[    0.000000] Hypervisor detected: KVM
[    0.000000] e820: last_pfn = 0x1a0000 max_arch_pfn = 0x400000000
[    0.000000] MTRR: Disabled
[    0.000000] x86/PAT: MTRRs disabled, skipping PAT initialization too.
[    0.000000] CPU MTRRs all blank - virtualized system.
[    0.000000] x86/PAT: Configuration [0-7]: WB  WT  UC- UC  WB  WT  UC- UC  
[    0.000000] e820: last_pfn = 0xdfff0 max_arch_pfn = 0x400000000
[    0.000000] found SMP MP-table at [mem 0x0009fff0-0x0009ffff]
[    0.000000] Scanning 1 areas for low memory corruption
[    0.000000] RAMDISK: [mem 0x359cf000-0x36cdefff]
[    0.000000] ACPI: Early table checksum verification disabled
[    0.000000] ACPI: RSDP 0x00000000000E0000 000024 (v02 VBOX  )
[    0.000000] ACPI: XSDT 0x00000000DFFF0030 00003C (v01 VBOX   VBOXXSDT 00000001 ASL  00000061)
[    0.000000] ACPI: FACP 0x00000000DFFF00F0 0000F4 (v04 VBOX   VBOXFACP 00000001 ASL  00000061)
[    0.000000] ACPI: DSDT 0x00000000DFFF0480 002325 (v02 VBOX   VBOXBIOS 00000002 INTL 20210604)
[    0.000000] ACPI: FACS 0x00000000DFFF0200 000040
[    0.000000] ACPI: FACS 0x00000000DFFF0200 000040
[    0.000000] ACPI: APIC 0x00000000DFFF0240 00006C (v02 VBOX   VBOXAPIC 00000001 ASL  00000061)
[    0.000000] ACPI: SSDT 0x00000000DFFF02B0 0001CC (v01 VBOX   VBOXCPUT 00000002 INTL 20210604)
[    0.000000] ACPI: Reserving FACP table memory at [mem 0xdfff00f0-0xdfff01e3]
[    0.000000] ACPI: Reserving DSDT table memory at [mem 0xdfff0480-0xdfff27a4]
[    0.000000] ACPI: Reserving FACS table memory at [mem 0xdfff0200-0xdfff023f]
[    0.000000] ACPI: Reserving FACS table memory at [mem 0xdfff0200-0xdfff023f]
[    0.000000] ACPI: Reserving APIC table memory at [mem 0xdfff0240-0xdfff02ab]
[    0.000000] ACPI: Reserving SSDT table memory at [mem 0xdfff02b0-0xdfff047b]
[    0.000000] No NUMA configuration found
[    0.000000] Faking a node at [mem 0x0000000000000000-0x000000019fffffff]
[    0.000000] NODE_DATA(0) allocated [mem 0x19ffd3000-0x19fffdfff]
[    0.000000] kvm-clock: cpu 0, msr 1:9ff52001, primary cpu clock
[    0.000000] kvm-clock: Using msrs 4b564d01 and 4b564d00
[    0.000000] kvm-clock: using sched offset of 3221020102 cycles
[    0.000000] clocksource: kvm-clock: mask: 0xffffffffffffffff max_cycles: 0x1cd42e4dffb, max_idle_ns: 881590591483 ns
[    0.000000] Zone ranges:
[    0.000000]   DMA      [mem 0x0000000000001000-0x0000000000ffffff]
[    0.000000]   DMA32    [mem 0x0000000001000000-0x00000000ffffffff]
[    0.000000]   Normal   [mem 0x0000000100000000-0x000000019fffffff]
[    0.000000]   Device   empty
[    0.000000] Movable zone start for each node
[    0.000000] Early memory node ranges
[    0.000000]   node   0: [mem 0x0000000000001000-0x000000000009efff]
[    0.000000]   node   0: [mem 0x0000000000100000-0x00000000dffeffff]
[    0.000000]   node   0: [mem 0x0000000100000000-0x000000019fffffff]
[    0.000000] Reserved but unavailable: 104 pages
[    0.000000] Initmem setup node 0 [mem 0x0000000000001000-0x000000019fffffff]
[    0.000000] ACPI: PM-Timer IO Port: 0x4008
[    0.000000] IOAPIC[0]: apic_id 4, version 32, address 0xfec00000, GSI 0-23
[    0.000000] ACPI: INT_SRC_OVR (bus 0 bus_irq 0 global_irq 2 dfl dfl)
[    0.000000] ACPI: INT_SRC_OVR (bus 0 bus_irq 9 global_irq 9 low level)
[    0.000000] Using ACPI (MADT) for SMP configuration information
[    0.000000] smpboot: Allowing 4 CPUs, 0 hotplug CPUs
[    0.000000] PM: Registered nosave memory: [mem 0x00000000-0x00000fff]
[    0.000000] PM: Registered nosave memory: [mem 0x0009f000-0x0009ffff]
[    0.000000] PM: Registered nosave memory: [mem 0x000a0000-0x000effff]
[    0.000000] PM: Registered nosave memory: [mem 0x000f0000-0x000fffff]
[    0.000000] PM: Registered nosave memory: [mem 0xdfff0000-0xdfffffff]
[    0.000000] PM: Registered nosave memory: [mem 0xe0000000-0xfebfffff]
[    0.000000] PM: Registered nosave memory: [mem 0xfec00000-0xfec00fff]
[    0.000000] PM: Registered nosave memory: [mem 0xfec01000-0xfedfffff]
[    0.000000] PM: Registered nosave memory: [mem 0xfee00000-0xfee00fff]
[    0.000000] PM: Registered nosave memory: [mem 0xfee01000-0xfffbffff]
[    0.000000] PM: Registered nosave memory: [mem 0xfffc0000-0xffffffff]
[    0.000000] e820: [mem 0xe0000000-0xfebfffff] available for PCI devices
[    0.000000] Booting paravirtualized kernel on KVM
[    0.000000] clocksource: refined-jiffies: mask: 0xffffffff max_cycles: 0xffffffff, max_idle_ns: 7645519600211568 ns
[    0.000000] random: get_random_bytes called from start_kernel+0x99/0x500 with crng_init=0
[    0.000000] setup_percpu: NR_CPUS:8192 nr_cpumask_bits:4 nr_cpu_ids:4 nr_node_ids:1
[    0.000000] percpu: Embedded 45 pages/cpu s147456 r8192 d28672 u524288
[    0.000000] PV qspinlock hash table entries: 256 (order: 0, 4096 bytes)
[    0.000000] Built 1 zonelists, mobility grouping on.  Total pages: 1548153
[    0.000000] Policy zone: Normal
[    0.000000] Kernel command line: BOOT_IMAGE=/boot/vmlinuz-4.15.0-156-generic root=LABEL=cloudimg-rootfs ro console=tty1 console=ttyS0
[    0.000000] Memory: 6077356K/6291000K available (12300K kernel code, 2483K rwdata, 4320K rodata, 2448K init, 2724K bss, 213644K reserved, 0K cma-reserved)
[    0.000000] SLUB: HWalign=64, Order=0-3, MinObjects=0, CPUs=4, Nodes=1
[    0.000000] ftrace: allocating 39466 entries in 155 pages
[    0.004000] Hierarchical RCU implementation.
[    0.004000] 	RCU restricting CPUs from NR_CPUS=8192 to nr_cpu_ids=4.
[    0.004000] 	Tasks RCU enabled.
[    0.004000] RCU: Adjusting geometry for rcu_fanout_leaf=16, nr_cpu_ids=4
[    0.004000] NR_IRQS: 524544, nr_irqs: 456, preallocated irqs: 16
[    0.004000] Console: colour VGA+ 80x25
[    0.004000] console [tty1] enabled
[    0.004000] console [ttyS0] enabled
[    0.004000] ACPI: Core revision 20170831
[    0.004000] ACPI: 2 ACPI AML tables successfully acquired and loaded
[    0.004000] APIC: Switch to symmetric I/O mode setup
[    0.004000] x2apic enabled
[    0.004000] Switched APIC routing to physical x2apic.
[    0.004000] ..TIMER: vector=0x30 apic1=0 pin1=2 apic2=-1 pin2=-1
[    0.004000] tsc: Detected 3599.996 MHz processor
[    0.004000] Calibrating delay loop (skipped) preset value.. 7199.99 BogoMIPS (lpj=14399984)
[    0.004000] pid_max: default: 32768 minimum: 301
[    0.004000] Security Framework initialized
[    0.004000] Yama: becoming mindful.
[    0.004000] AppArmor: AppArmor initialized
[    0.004000] Dentry cache hash table entries: 1048576 (order: 11, 8388608 bytes)
[    0.004000] Inode-cache hash table entries: 524288 (order: 10, 4194304 bytes)
[    0.004000] Mount-cache hash table entries: 16384 (order: 5, 131072 bytes)
[    0.004000] Mountpoint-cache hash table entries: 16384 (order: 5, 131072 bytes)
[    0.004000] Last level iTLB entries: 4KB 1024, 2MB 1024, 4MB 512
[    0.004000] Last level dTLB entries: 4KB 1536, 2MB 1536, 4MB 768, 1GB 0
[    0.004000] Spectre V1 : Mitigation: usercopy/swapgs barriers and __user pointer sanitization
[    0.004000] Spectre V2 : Spectre mitigation: LFENCE not serializing, switching to generic retpoline
[    0.004000] Spectre V2 : Mitigation: Full generic retpoline
[    0.004000] Spectre V2 : Spectre v2 / SpectreRSB mitigation: Filling RSB on context switch
[    0.004000] Speculative Store Bypass: Mitigation: Speculative Store Bypass disabled via prctl and seccomp
[    0.004000] Freeing SMP alternatives memory: 36K
[    0.118338] APIC calibration not consistent with PM-Timer: 110ms instead of 100ms
[    0.119397] APIC delta adjusted to PM-Timer: 6458611 (7146777)
[    0.120045] smpboot: CPU0: AMD Ryzen 5 1600X Six-Core Processor (family: 0x17, model: 0x1, stepping: 0x1)
[    0.121458] Performance Events: PMU not available due to virtualization, using software events only.
[    0.122759] Hierarchical SRCU implementation.
[    0.124273] NMI watchdog: Perf event create on CPU 0 failed with -2
[    0.125120] NMI watchdog: Perf NMI watchdog permanently disabled
[    0.126037] smp: Bringing up secondary CPUs ...
[    0.126771] x86: Booting SMP configuration:
[    0.127320] .... node  #0, CPUs:      #1
[    0.004000] kvm-clock: cpu 1, msr 1:9ff52041, secondary cpu clock
[    0.130452]  #2
[    0.004000] kvm-clock: cpu 2, msr 1:9ff52081, secondary cpu clock
[    0.132069]  #3
[    0.004000] kvm-clock: cpu 3, msr 1:9ff520c1, secondary cpu clock
[    0.136021] smp: Brought up 1 node, 4 CPUs
[    0.136598] smpboot: Max logical packages: 1
[    0.137143] smpboot: Total of 4 processors activated (28799.96 BogoMIPS)
[    0.140094] devtmpfs: initialized
[    0.140471] x86/mm: Memory block size: 128MB
[    0.141424] evm: security.selinux
[    0.141901] evm: security.SMACK64
[    0.142334] evm: security.SMACK64EXEC
[    0.142831] evm: security.SMACK64TRANSMUTE
[    0.143371] evm: security.SMACK64MMAP
[    0.144003] evm: security.apparmor
[    0.144450] evm: security.ima
[    0.144866] evm: security.capability
[    0.145333] clocksource: jiffies: mask: 0xffffffff max_cycles: 0xffffffff, max_idle_ns: 7645041785100000 ns
[    0.145333] futex hash table entries: 1024 (order: 4, 65536 bytes)
[    0.145976] pinctrl core: initialized pinctrl subsystem
[    0.148093] RTC time: 10:26:43, date: 09/13/21
[    0.148846] NET: Registered protocol family 16
[    0.149447] audit: initializing netlink subsys (disabled)
[    0.150146] audit: type=2000 audit(1631528808.268:1): state=initialized audit_enabled=0 res=1
[    0.150146] cpuidle: using governor ladder
[    0.150146] cpuidle: using governor menu
[    0.152036] ACPI: bus type PCI registered
[    0.152614] acpiphp: ACPI Hot Plug PCI Controller Driver version: 0.5
[    0.154084] PCI: Using configuration type 1 for base access
[    0.154859] PCI: Using configuration type 1 for extended access
[    0.156865] HugeTLB registered 2.00 MiB page size, pre-allocated 0 pages
[    0.156928] ACPI: Added _OSI(Module Device)
[    0.156928] ACPI: Added _OSI(Processor Device)
[    0.156928] ACPI: Added _OSI(3.0 _SCP Extensions)
[    0.157383] ACPI: Added _OSI(Processor Aggregator Device)
[    0.157896] ACPI: Added _OSI(Linux-Dell-Video)
[    0.158333] ACPI: Added _OSI(Linux-Lenovo-NV-HDMI-Audio)
[    0.158849] ACPI: Added _OSI(Linux-HPI-Hybrid-Graphics)
[    0.160175] ACPI: Executed 1 blocks of module-level executable AML code
[    0.163856] ACPI: Interpreter enabled
[    0.164000] ACPI: (supports S0 S5)
[    0.164000] ACPI: Using IOAPIC for interrupt routing
[    0.164000] PCI: Using host bridge windows from ACPI; if necessary, use "pci=nocrs" and report a bug
[    0.164000] ACPI: Enabled 2 GPEs in block 00 to 07
[    0.168542] ACPI: PCI Root Bridge [PCI0] (domain 0000 [bus 00-ff])
[    0.169097] acpi PNP0A03:00: _OSC: OS supports [ExtendedConfig ASPM ClockPM Segments MSI]
[    0.170651] acpi PNP0A03:00: _OSC: platform does not support [PCIeCapability]
[    0.171708] acpi PNP0A03:00: _OSC: not requesting control; platform does not support [PCIeCapability]
[    0.172003] acpi PNP0A03:00: _OSC: OS requested [PCIeHotplug PME AER PCIeCapability]
[    0.172700] acpi PNP0A03:00: _OSC: platform willing to grant [PCIeHotplug PME AER]
[    0.173385] acpi PNP0A03:00: _OSC failed (AE_SUPPORT); disabling ASPM
[    0.174195] PCI host bridge to bus 0000:00
[    0.174583] pci_bus 0000:00: root bus resource [io  0x0000-0x0cf7 window]
[    0.176003] pci_bus 0000:00: root bus resource [io  0x0d00-0xffff window]
[    0.176585] pci_bus 0000:00: root bus resource [mem 0x000a0000-0x000bffff window]
[    0.177250] pci_bus 0000:00: root bus resource [mem 0xe0000000-0xfdffffff window]
[    0.177936] pci_bus 0000:00: root bus resource [bus 00-ff]
[    0.179396] pci 0000:00:01.1: legacy IDE quirk: reg 0x10: [io  0x01f0-0x01f7]
[    0.180003] pci 0000:00:01.1: legacy IDE quirk: reg 0x14: [io  0x03f6]
[    0.180561] pci 0000:00:01.1: legacy IDE quirk: reg 0x18: [io  0x0170-0x0177]
[    0.181186] pci 0000:00:01.1: legacy IDE quirk: reg 0x1c: [io  0x0376]
[    0.211714] pci 0000:00:07.0: quirk: [io  0x4000-0x403f] claimed by PIIX4 ACPI
[    0.212011] pci 0000:00:07.0: quirk: [io  0x4100-0x410f] claimed by PIIX4 SMB
[    0.231782] ACPI: PCI Interrupt Link [LNKA] (IRQs 5 9 10 *11)
[    0.232270] ACPI: PCI Interrupt Link [LNKB] (IRQs 5 9 *10 11)
[    0.232887] ACPI: PCI Interrupt Link [LNKC] (IRQs 5 *9 10 11)
[    0.233485] ACPI: PCI Interrupt Link [LNKD] (IRQs 5 9 10 *11)
[    0.236037] SCSI subsystem initialized
[    0.236419] pci 0000:00:02.0: vgaarb: setting as boot VGA device
[    0.237405] pci 0000:00:02.0: vgaarb: VGA device added: decodes=io+mem,owns=io+mem,locks=none
[    0.244009] pci 0000:00:02.0: vgaarb: bridge control possible
[    0.245319] vgaarb: loaded
[    0.246101] ACPI: bus type USB registered
[    0.247103] usbcore: registered new interface driver usbfs
[    0.247103] usbcore: registered new interface driver hub
[    0.247103] usbcore: registered new device driver usb
[    0.248065] EDAC MC: Ver: 3.0.0
[    0.252035] PCI: Using ACPI for IRQ routing
[    0.252698] NetLabel: Initializing
[    0.253108] NetLabel:  domain hash size = 128
[    0.253108] NetLabel:  protocols = UNLABELED CIPSOv4 CALIPSO
[    0.253108] NetLabel:  unlabeled traffic allowed by default
[    0.256089] clocksource: Switched to clocksource kvm-clock
[    0.267224] VFS: Disk quotas dquot_6.6.0
[    0.267809] VFS: Dquot-cache hash table entries: 512 (order 0, 4096 bytes)
[    0.268702] AppArmor: AppArmor Filesystem Enabled
[    0.269275] pnp: PnP ACPI init
[    0.270440] pnp: PnP ACPI: found 3 devices
[    0.279147] clocksource: acpi_pm: mask: 0xffffff max_cycles: 0xffffff, max_idle_ns: 2085701024 ns
[    0.280154] NET: Registered protocol family 2
[    0.281445] IP idents hash table entries: 131072 (order: 8, 1048576 bytes)
[    0.282993] TCP established hash table entries: 65536 (order: 7, 524288 bytes)
[    0.284428] TCP bind hash table entries: 65536 (order: 8, 1048576 bytes)
[    0.285333] TCP: Hash tables configured (established 65536 bind 65536)
[    0.286008] UDP hash table entries: 4096 (order: 5, 131072 bytes)
[    0.286554] UDP-Lite hash table entries: 4096 (order: 5, 131072 bytes)
[    0.287180] NET: Registered protocol family 1
[    0.287626] pci 0000:00:00.0: Limiting direct PCI/PCI transfers
[    0.288197] pci 0000:00:01.0: Activating ISA DMA hang workarounds
[    0.288779] pci 0000:00:02.0: Video device with shadowed ROM at [mem 0x000c0000-0x000dffff]
[    0.289655] Unpacking initramfs...
[    0.528096] Freeing initrd memory: 19520K
[    0.528728] PCI-DMA: Using software bounce buffering for IO (SWIOTLB)
[    0.529325] software IO TLB: mapped [mem 0xdbff0000-0xdfff0000] (64MB)
[    0.529977] clocksource: tsc: mask: 0xffffffffffffffff max_cycles: 0x33e44fb235b, max_idle_ns: 440795341910 ns
[    0.530935] platform rtc_cmos: registered platform RTC device (no PNP device found)
[    0.531706] Scanning for low memory corruption every 60 seconds
[    0.532879] Initialise system trusted keyrings
[    0.533341] Key type blacklist registered
[    0.533835] workingset: timestamp_bits=36 max_order=21 bucket_order=0
[    0.535186] zbud: loaded
[    0.535959] squashfs: version 4.0 (2009/01/31) Phillip Lougher
[    0.536726] fuse init (API version 7.26)
[    0.541320] Key type asymmetric registered
[    0.542166] Asymmetric key parser 'x509' registered
[    0.543168] Block layer SCSI generic (bsg) driver version 0.4 loaded (major 246)
[    0.544698] io scheduler noop registered
[    0.545489] io scheduler deadline registered
[    0.546366] io scheduler cfq registered (default)
[    0.547712] ACPI: AC Adapter [AC] (on-line)
[    0.548618] input: Power Button as /devices/LNXSYSTM:00/LNXPWRBN:00/input/input0
[    0.550119] ACPI: Power Button [PWRF]
[    0.550910] input: Sleep Button as /devices/LNXSYSTM:00/LNXSLPBN:00/input/input1
[    0.552357] ACPI: Sleep Button [SLPF]
[    0.553613] Serial: 8250/16550 driver, 32 ports, IRQ sharing enabled
[    0.554059] ACPI: Battery Slot [BAT0] (battery present)
[    0.575814] 00:02: ttyS0 at I/O 0x3f8 (irq = 4, base_baud = 115200) is a 16550A
[    0.581400] Linux agpgart interface v0.103
[    0.584495] loop: module loaded
[    0.585911] scsi host0: ata_piix
[    0.586756] scsi host1: ata_piix
[    0.587149] ata1: PATA max UDMA/33 cmd 0x1f0 ctl 0x3f6 bmdma 0xd000 irq 14
[    0.587819] ata2: PATA max UDMA/33 cmd 0x170 ctl 0x376 bmdma 0xd008 irq 15
[    0.588579] libphy: Fixed MDIO Bus: probed
[    0.589024] tun: Universal TUN/TAP device driver, 1.6
[    0.589613] PPP generic driver version 2.4.2
[    0.590117] ehci_hcd: USB 2.0 'Enhanced' Host Controller (EHCI) Driver
[    0.590774] ehci-pci: EHCI PCI platform driver
[    0.591228] ehci-platform: EHCI generic platform driver
[    0.591777] ohci_hcd: USB 1.1 'Open' Host Controller (OHCI) Driver
[    0.592372] ohci-pci: OHCI PCI platform driver
[    0.592826] ohci-platform: OHCI generic platform driver
[    0.593339] uhci_hcd: USB Universal Host Controller Interface driver
[    0.593994] i8042: PNP: PS/2 Controller [PNP0303:PS2K,PNP0f03:PS2M] at 0x60,0x64 irq 1,12
[    0.595287] serio: i8042 KBD port at 0x60,0x64 irq 1
[    0.596298] serio: i8042 AUX port at 0x60,0x64 irq 12
[    0.597443] mousedev: PS/2 mouse device common for all mice
[    0.598966] rtc_cmos rtc_cmos: rtc core: registered rtc_cmos as rtc0
[    0.599117] input: AT Translated Set 2 keyboard as /devices/platform/i8042/serio0/input/input2
[    0.599672] rtc_cmos rtc_cmos: alarms up to one day, 114 bytes nvram
[    0.601901] i2c /dev entries driver
[    0.602316] device-mapper: uevent: version 1.0.3
[    0.602862] device-mapper: ioctl: 4.37.0-ioctl (2017-09-20) initialised: dm-devel@redhat.com
[    0.603798] ledtrig-cpu: registered to indicate activity on CPUs
[    0.605004] NET: Registered protocol family 10
[    0.609694] Segment Routing with IPv6
[    0.610471] NET: Registered protocol family 17
[    0.611427] Key type dns_resolver registered
[    0.612645] mce: Using 0 MCE banks
[    0.613349] RAS: Correctable Errors collector initialized.
[    0.614416] sched_clock: Marking stable (612604472, 0)->(865907137, -253302665)
[    0.616440] registered taskstats version 1
[    0.617267] Loading compiled-in X.509 certificates
[    0.620003] Loaded X.509 cert 'Build time autogenerated kernel key: b39ba71f7e5bf175906d0a602aa7bdc709562f9b'
[    0.621495] Loaded X.509 cert 'Canonical Ltd. Live Patch Signing: 14df34d1a87cf37625abec039ef2bf521249b969'
[    0.622932] Loaded X.509 cert 'Canonical Ltd. Kernel Module Signing: 88f752e560a1e0737e31163a466ad7b70a850c19'
[    0.623915] zswap: loaded using pool lzo/zbud
[    0.627759] Key type big_key registered
[    0.628181] Key type trusted registered
[    0.629826] Key type encrypted registered
[    0.630242] AppArmor: AppArmor sha1 policy hashing enabled
[    0.630800] ima: No TPM chip found, activating TPM-bypass! (rc=-19)
[    0.631420] ima: Allocated hash algorithm: sha1
[    0.631892] evm: HMAC attrs: 0x1
[    0.632430]   Magic number: 5:429:426
[    0.632925] rtc_cmos rtc_cmos: setting system clock to 2021-09-13 10:26:44 UTC (1631528804)
[    0.633890] BIOS EDD facility v0.16 2004-Jun-25, 0 devices found
[    0.634483] EDD information not available.
[    0.776884] Freeing unused kernel image memory: 2448K
[    1.545951] Write protecting the kernel read-only data: 20480k
[    1.548102] Freeing unused kernel image memory: 2008K
[    1.549598] Freeing unused kernel image memory: 1824K
[    1.562274] x86/mm: Checked W+X mappings: passed, no W+X pages found.
Loading, please wait...
starting version 237
[    1.624952] e1000: Intel(R) PRO/1000 Network Driver - version 7.3.21-k8-NAPI
[    1.626591] e1000: Copyright (c) 1999-2006 Intel Corporation.
[    1.627724] Fusion MPT base driver 3.04.20
[    1.628699] Copyright (c) 1999-2008 LSI Corporation
[    1.637006] Fusion MPT SPI Host driver 3.04.20
[    1.644337] AVX2 version of gcm_enc/dec engaged.
[    1.644985] AES CTR mode by8 optimization enabled
[    1.833728] input: ImExPS/2 Generic Explorer Mouse as /devices/platform/i8042/serio1/input/input4
[    1.958878] e1000 0000:00:03.0 eth0: (PCI:33MHz:32-bit) 02:82:2a:96:15:3b
[    1.960316] e1000 0000:00:03.0 eth0: Intel(R) PRO/1000 Network Connection
[    2.746504] e1000 0000:00:08.0 eth1: (PCI:33MHz:32-bit) 08:00:27:27:cb:d6
[    2.747534] e1000 0000:00:08.0 eth1: Intel(R) PRO/1000 Network Connection
[    2.749324] e1000 0000:00:08.0 enp0s8: renamed from eth1
[    2.750082] mptbase: ioc0: Initiating bringup
[    4.357635] e1000 0000:00:03.0 enp0s3: renamed from eth0
[    4.515430] ioc0: LSI53C1030 A0: Capabilities={Initiator}
[    7.173455] scsi host2: ioc0: LSI53C1030 A0, FwRev=00000000h, Ports=1, MaxQ=256, IRQ=20
[    8.160968] scsi 2:0:0:0: Direct-Access     VBOX     HARDDISK         1.0  PQ: 0 ANSI: 5
[    8.541110] scsi target2:0:0: Beginning Domain Validation
[    8.543041] scsi target2:0:0: Domain Validation skipping write tests
[    8.544220] scsi target2:0:0: Ending Domain Validation
[    8.545177] scsi target2:0:0: asynchronous
[    8.546276] scsi 2:0:1:0: Direct-Access     VBOX     HARDDISK         1.0  PQ: 0 ANSI: 5
[    9.749759] scsi target2:0:1: Beginning Domain Validation
[    9.752120] scsi target2:0:1: Domain Validation skipping write tests
[    9.753608] scsi target2:0:1: Ending Domain Validation
[    9.754876] random: fast init done
[    9.755732] scsi target2:0:1: asynchronous
[    9.761864] random: systemd-udevd: uninitialized urandom read (16 bytes read)
[    9.762571] sd 2:0:0:0: Attached scsi generic sg0 type 0
[    9.763941] random: systemd-udevd: uninitialized urandom read (16 bytes read)
[    9.763945] random: systemd-udevd: uninitialized urandom read (16 bytes read)
[    9.763996] sd 2:0:0:0: [sda] 83886080 512-byte logical blocks: (42.9 GB/40.0 GiB)
[    9.765760] sd 2:0:1:0: Attached scsi generic sg1 type 0
[    9.767943] sd 2:0:0:0: [sda] Write Protect is off
[    9.767966] sd 2:0:1:0: [sdb] 20480 512-byte logical blocks: (10.5 MB/10.0 MiB)
[    9.769547] sd 2:0:1:0: [sdb] Write Protect is off
[    9.772897] sd 2:0:0:0: [sda] Incomplete mode parameter data
[    9.774585] sd 2:0:0:0: [sda] Assuming drive cache: write through
[    9.775671] sd 2:0:1:0: [sdb] Incomplete mode parameter data
[    9.776878]  sda: sda1
[    9.776905] sd 2:0:1:0: [sdb] Assuming drive cache: write through
[    9.778038] sd 2:0:0:0: [sda] Attached SCSI disk
[    9.782124] sd 2:0:1:0: [sdb] Attached SCSI disk
Begin: Loading essential drivers ... [   11.280302] raid6: sse2x1   gen()  7326 MB/s
[   11.328182] raid6: sse2x1   xor()  7230 MB/s
[   11.376248] raid6: sse2x2   gen() 15071 MB/s
[   11.424314] raid6: sse2x2   xor()  9875 MB/s
[   11.472904] raid6: sse2x4   gen() 15976 MB/s
[   11.520192] raid6: sse2x4   xor()  8512 MB/s
[   11.568167] raid6: avx2x1   gen() 15635 MB/s
[   11.616192] raid6: avx2x1   xor() 12247 MB/s
[   11.664162] raid6: avx2x2   gen() 20546 MB/s
[   11.712196] raid6: avx2x2   xor() 13228 MB/s
[   11.760519] raid6: avx2x4   gen() 22332 MB/s
[   11.809408] raid6: avx2x4   xor() 12819 MB/s
[   11.809925] raid6: using algorithm avx2x4 gen() 22332 MB/s
[   11.810538] raid6: .... xor() 12819 MB/s, rmw enabled
[   11.811136] raid6: using avx2x2 recovery algorithm
[   11.813103] xor: automatically using best checksumming function   avx       
[   11.814932] async_tx: api initialized (async)
done.
Begin: Running /scripts/init-premount ... done.
Begin: Mounting root file system ... Begin: Running /scripts/local-top ... done.
Begin: Running /scripts/local-premount ... [   11.864008] Btrfs loaded, crc32c=crc32c-intel
Scanning for Btrfs filesystems
done.
Warning: fsck not present, so skipping root file system
[   11.892028] EXT4-fs (sda1): mounted filesystem with ordered data mode. Opts: (null)
done.
Begin: Running /scripts/local-bottom ... done.
Begin: Running /scripts/init-bottom ... done.
[   12.043666] ip_tables: (C) 2000-2006 Netfilter Core Team
[   12.051657] systemd[1]: systemd 237 running in system mode. (+PAM +AUDIT +SELINUX +IMA +APPARMOR +SMACK +SYSVINIT +UTMP +LIBCRYPTSETUP +GCRYPT +GNUTLS +ACL +XZ +LZ4 +SECCOMP +BLKID +ELFUTILS +KMOD -IDN2 +IDN -PCRE2 default-hierarchy=hybrid)
[   12.054669] systemd[1]: Detected virtualization oracle.
[   12.055448] systemd[1]: Detected architecture x86-64.

Welcome to [1mUbuntu 18.04.5 LTS[0m!

[   12.066631] systemd[1]: Set hostname to <ubuntu>.
[   12.070083] systemd[1]: Initializing machine ID from random generator.
[   12.071210] systemd[1]: Installed transient /etc/machine-id file.
[   12.293409] systemd[1]: Reached target Swap.
[[0;32m  OK  [0m] Reached target Swap.
[   12.295953] systemd[1]: Created slice System Slice.
[[0;32m  OK  [0m] Created slice System Slice.
[   12.296717] systemd[1]: Listening on LVM2 metadata daemon socket.
[[0;32m  OK  [0m] Listening on LVM2 metadata daemon socket.
[   12.297589] systemd[1]: Listening on Journal Socket.
[[0;32m  OK  [0m] Listening on Journal Socket.
         Starting Uncomplicated firewall...
[[0;32m  OK  [0m] Listening on udev Kernel Socket.
[[0;32m  OK  [0m] Listening on Network Service Netlink Socket.
[[0;32m  OK  [0m] Listening on Journal Socket (/dev/log).
[[0;32m  OK  [0m] Listening on Syslog Socket.
[[0;32m  OK  [0m] Listening on Device-mapper event daemon FIFOs.
[[0;32m  OK  [0m] Listening on udev Control Socket.
         Mounting POSIX Message Queue File System...
[[0;32m  OK  [0m] Reached target System Time Synchronized.
         Starting Create list of required stâ€¦ce nodes for the current kernel...
         Mounting Huge Pages File System...
[[0;32m  OK  [0m] Listening on Journal Audit Socket.
         Starting Journal Service...
         Mounting Kernel Debug File System...
[[0;32m  OK  [0m] Created slice system-serial\x2dgetty.slice.
         Starting Load Kernel Modules...
[[0;32m  OK  [0m] Set up automount Arbitrary Executabâ€¦rmats File System Automount Point.
[   12.379848] Loading iSCSI transport class v2.0-870.
[   12.385134] iscsi: registered transport (tcp)
         Starting Monitoring of LVM2 mirrorsâ€¦ng dmeventd or progress polling...
[[0;32m  OK  [0m] Listening on /dev/initctl Compatibility Named Pipe.
[   12.400366] iscsi: registered transport (iser)
[[0;32m  OK  [0m] Reached target User and Group Name Lookups.
[[0;32m  OK  [0m] Created slice User and Session Slice.
[[0;32m  OK  [0m] Reached target Slices.
[[0;32m  OK  [0m] Started Forward Password Requests to Wall Directory Watch.
[[0;32m  OK  [0m] Listening on fsck to fsckd communication Socket.
         Starting File System Check on Root Device...
         Starting Set the console keyboard layout...
[[0;32m  OK  [0m] Listening on LVM2 poll daemon socket.
         Starting udev Coldplug all Devices...
[[0;32m  OK  [0m] Started Uncomplicated firewall.
[[0;32m  OK  [0m] Mounted POSIX Message Queue File System.
[[0;32m  OK  [0m] Started Create list of required staâ€¦vice nodes for the current kernel.
[[0;32m  OK  [0m] Mounted Huge Pages File System.
[[0;32m  OK  [0m] Mounted Kernel Debug File System.
[[0;32m  OK  [0m] Started Journal Service.
[[0;32m  OK  [0m] Started Load Kernel Modules.
[[0;32m  OK  [0m] Started File System Check Daemon to report status.
[[0;32m  OK  [0m] Started LVM2 metadata daemon.
         Mounting FUSE Control File System...
         Starting Apply Kernel Variables...
         Mounting Kernel Configuration File System...
         Starting Create Static Device Nodes in /dev...
[[0;32m  OK  [0m] Mounted FUSE Control File System.
[[0;32m  OK  [0m] Mounted Kernel Configuration File System.
[[0;32m  OK  [0m] Started udev Coldplug all Devices.
[[0;32m  OK  [0m] Started Create Static Device Nodes in /dev.
[[0;32m  OK  [0m] Started File System Check on Root Device.
         Starting Remount Root and Kernel File Systems...
[[0;32m  OK  [0m] Started Monitoring of LVM2 mirrors,â€¦sing dmeventd or progress polling.
[[0;32m  OK  [0m] Started Apply Kernel Variables.
[[0;32m  OK  [0m] Started Remount Root and Kernel File Systems.
         Starting Load/Save Random Seed...
         Starting udev Kernel Device Manager...
         Starting Flush Journal to Persistent Storage...
[[0;32m  OK  [0m] Started Load/Save Random Seed.
[[0;32m  OK  [0m] Started udev Kernel Device Manager.
[[0;32m  OK  [0m] Started Set the console keyboard layout.
[[0;32m  OK  [0m] Started Dispatch Password Requests to Console Directory Watch.
[[0;32m  OK  [0m] Reached target Local Encrypted Volumes.
[[0;32m  OK  [0m] Reached target Local File Systems (Pre).
[[0;32m  OK  [0m] Reached target Local File Systems.
         Starting AppArmor initialization...
         Starting Tell Plymouth To Write Out Runtime Data...
         Starting ebtables ruleset management...
         Starting Commit a transient machine-id on disk...
         Starting Set console font and keymap...
[[0;32m  OK  [0m] Started Flush Journal to Persistent Storage.
         Starting Create Volatile Files and Directories...
[[0;32m  OK  [0m] Started Set console font and keymap.
[[0;32m  OK  [0m] Started Tell Plymouth To Write Out Runtime Data.
[[0;32m  OK  [0m] Started Create Volatile Files and Directories.
         Starting Update UTMP about System Boot/Shutdown...
[[0;32m  OK  [0m] Started Update UTMP about System Boot/Shutdown.
[[0;32m  OK  [0m] Started Commit a transient machine-id on disk.
[[0;32m  OK  [0m] Found device /dev/ttyS0.
[[0;32m  OK  [0m] Started ebtables ruleset management.
[[0;32m  OK  [0m] Listening on Load/Save RF Kill Switch Status /dev/rfkill Watch.
[[0;32m  OK  [0m] Started AppArmor initialization.
         Starting Load AppArmor profiles managed internally by snapd...
         Starting Initial cloud-init job (pre-networking)...
[[0;32m  OK  [0m] Started Load AppArmor profiles managed internally by snapd.
[   14.223082] cloud-init[599]: Cloud-init v. 21.2-3-g899bfaa9-0ubuntu2~18.04.1 running 'init-local' at Mon, 13 Sep 2021 10:26:57 +0000. Up 13.84 seconds.
[[0;32m  OK  [0m] Started Initial cloud-init job (pre-networking).
[[0;32m  OK  [0m] Reached target Network (Pre).
         Starting Network Service...
[[0;32m  OK  [0m] Started Network Service.
         Starting Network Name Resolution...
         Starting Wait for Network to be Configured...
[[0;32m  OK  [0m] Started Network Name Resolution.
[[0;32m  OK  [0m] Reached target Network.
[[0;32m  OK  [0m] Reached target Host and Network Name Lookups.
[[0;32m  OK  [0m] Started Wait for Network to be Configured.
         Starting Initial cloud-init job (metadata service crawler)...
[   16.887661] cloud-init[725]: Cloud-init v. 21.2-3-g899bfaa9-0ubuntu2~18.04.1 running 'init' at Mon, 13 Sep 2021 10:27:00 +0000. Up 16.73 seconds.
[   16.889431] cloud-init[725]: ci-info: ++++++++++++++++++++++++++++++++++++++Net device info+++++++++++++++++++++++++++++++++++++++
[   16.891041] cloud-init[725]: ci-info: +--------+-------+----------------------------+---------------+--------+-------------------+
[   16.892556] cloud-init[725]: ci-info: | Device |   Up  |          Address           |      Mask     | Scope  |     Hw-Address    |
[   16.894008] cloud-init[725]: ci-info: +--------+-------+----------------------------+---------------+--------+-------------------+
[   16.895539] cloud-init[725]: ci-info: | enp0s3 |  True |         10.0.2.15          | 255.255.255.0 | global | 02:82:2a:96:15:3b |
[   16.896898] cloud-init[725]: ci-info: | enp0s3 |  True | fe80::82:2aff:fe96:153b/64 |       .       |  link  | 02:82:2a:96:15:3b |
[   16.898586] cloud-init[725]: ci-info: | enp0s8 | False |             .              |       .       |   .    | 08:00:27:27:cb:d6 |
[   16.900103] cloud-init[725]: ci-info: |   lo   |  True |         127.0.0.1          |   255.0.0.0   |  host  |         .         |
[   16.901710] cloud-init[725]: ci-info: |   lo   |  True |          ::1/128           |       .       |  host  |         .         |
[   16.903222] cloud-init[725]: ci-info: +--------+-------+----------------------------+---------------+--------+-------------------+
[   16.904745] cloud-init[725]: ci-info: ++++++++++++++++++++++++++++Route IPv4 info+++++++++++++++++++++++++++++
[   16.906237] cloud-init[725]: ci-info: +-------+-------------+----------+-----------------+-----------+-------+
[   16.907669] cloud-init[725]: ci-info: | Route | Destination | Gateway  |     Genmask     | Interface | Flags |
[   16.909271] cloud-init[725]: ci-info: +-------+-------------+----------+-----------------+-----------+-------+
[   16.910658] cloud-init[725]: ci-info: |   0   |   0.0.0.0   | 10.0.2.2 |     0.0.0.0     |   enp0s3  |   UG  |
[   16.911965] cloud-init[725]: ci-info: |   1   |   10.0.2.0  | 0.0.0.0  |  255.255.255.0  |   enp0s3  |   U   |
[   16.913353] cloud-init[725]: ci-info: |   2   |   10.0.2.2  | 0.0.0.0  | 255.255.255.255 |   enp0s3  |   UH  |
[   16.914820] cloud-init[725]: ci-info: +-------+-------------+----------+-----------------+-----------+-------+
[   16.916195] cloud-init[725]: ci-info: +++++++++++++++++++Route IPv6 info+++++++++++++++++++
[   16.917416] cloud-init[725]: ci-info: +-------+-------------+---------+-----------+-------+
[   16.918727] cloud-init[725]: ci-info: | Route | Destination | Gateway | Interface | Flags |
[   16.919971] cloud-init[725]: ci-info: +-------+-------------+---------+-----------+-------+
[   16.921369] cloud-init[725]: ci-info: |   1   |  fe80::/64  |    ::   |   enp0s3  |   U   |
[   16.922701] cloud-init[725]: ci-info: |   3   |    local    |    ::   |   enp0s3  |   U   |
[   16.923989] cloud-init[725]: ci-info: |   4   |   ff00::/8  |    ::   |   enp0s3  |   U   |
[   16.925434] cloud-init[725]: ci-info: +-------+-------------+---------+-----------+-------+
[   18.342595] cloud-init[725]: Generating public/private rsa key pair.
[   18.344058] cloud-init[725]: Your identification has been saved in /etc/ssh/ssh_host_rsa_key.
[   18.346013] cloud-init[725]: Your public key has been saved in /etc/ssh/ssh_host_rsa_key.pub.
[   18.346958] cloud-init[725]: The key fingerprint is:
[   18.347619] cloud-init[725]: SHA256:OW3vybXugr6N/IAD5F+ViAn3ttb7FWOFskVEyETW7uA root@ubuntu-bionic
[   18.348689] cloud-init[725]: The key's randomart image is:
[   18.349402] cloud-init[725]: +---[RSA 2048]----+
[   18.350082] cloud-init[725]: |      . .  ++=+  |
[   18.350778] cloud-init[725]: |       o + ooo.. |
[   18.351422] cloud-init[725]: |      . o + +.o .|
[   18.352090] cloud-init[725]: |     o   + +.+. .|
[   18.352837] cloud-init[725]: |      o S *.oo + |
[   18.353571] cloud-init[725]: |       o * .E.o o|
[   18.354245] cloud-init[725]: |        + ..o . .|
[   18.354915] cloud-init[725]: |         o.*.+ o |
[   18.356837] cloud-init[725]: |         .=o*+=  |
[   18.357647] cloud-init[725]: +----[SHA256]-----+
[   18.358364] cloud-init[725]: Generating public/private dsa key pair.
[   18.359212] cloud-init[725]: Your identification has been saved in /etc/ssh/ssh_host_dsa_key.
[   18.361344] cloud-init[725]: Your public key has been saved in /etc/ssh/ssh_host_dsa_key.pub.
[   18.362239] cloud-init[725]: The key fingerprint is:
[   18.362993] cloud-init[725]: SHA256:J5Ct2rlhRFFaWUwCz/4RCvREVDhNgQwZB8evYwPYa/k root@ubuntu-bionic
[   18.363969] cloud-init[725]: The key's randomart image is:
[   18.364692] cloud-init[725]: +---[DSA 1024]----+
[   18.365551] cloud-init[725]: |      B%X@*.     |
[   18.366440] cloud-init[725]: |     ..&B.o      |
[   18.367148] cloud-init[725]: |     o* =o.      |
[   18.367836] cloud-init[725]: |    ..o= ...     |
[   18.368851] cloud-init[725]: |      o+S.o      |
[   18.369497] cloud-init[725]: |     ++.=+ .     |
[   18.369976] cloud-init[725]: |    ..=o o.      |
[   18.370435] cloud-init[725]: |     . oE        |
[   18.370906] cloud-init[725]: |      .          |
[   18.371352] cloud-init[725]: +----[SHA256]-----+
[   18.371829] cloud-init[725]: Generating public/private ecdsa key pair.
[   18.372407] cloud-init[725]: Your identification has been saved in /etc/ssh/ssh_host_ecdsa_key.
[   18.372926] cloud-init[725]: Your public key has been saved in /etc/ssh/ssh_host_ecdsa_key.pub.
[   18.373446] cloud-init[725]: The key fingerprint is:
[   18.373867] cloud-init[725]: SHA256:9En++Tsv7gvH2NEXW1LKbyRKV5n8KHAfMhm3PfWMHqE root@ubuntu-bionic
[   18.374388] cloud-init[725]: The key's randomart image is:
[   18.374779] cloud-init[725]: +---[ECDSA 256]---+
[   18.375155] cloud-init[725]: |            .o+ *|
[   18.375525] cloud-init[725]: |          . =+.&o|
[   18.375868] cloud-init[725]: |        . .oE+X=B|
[   18.376275] cloud-init[725]: |       . + o.+oB*|
[   18.376642] cloud-init[725]: |        S + ..o.=|
[   18.377008] cloud-init[725]: |           . = o.|
[   18.377378] cloud-init[725]: |            = +  |
[   18.377751] cloud-init[725]: |             +o  |
[   18.378140] cloud-init[725]: |             o**.|
[   18.378488] cloud-init[725]: +----[SHA256]-----+
[   18.378841] cloud-init[725]: Generating public/private ed25519 key pair.
[   18.379280] cloud-init[725]: Your identification has been saved in /etc/ssh/ssh_host_ed25519_key.
[   18.379827] cloud-init[725]: Your public key has been saved in /etc/ssh/ssh_host_ed25519_key.pub.
[   18.380405] cloud-init[725]: The key fingerprint is:
[   18.380795] cloud-init[725]: SHA256:Rtt7hzhA0cf+prRKp1ErxF/mLT0Y7CFpMznYvL9GYN4 root@ubuntu-bionic
[   18.381367] cloud-init[725]: The key's randomart image is:
[   18.381809] cloud-init[725]: +--[ED25519 256]--+
[   18.382163] cloud-init[725]: |        .. .     |
[   18.382517] cloud-init[725]: |         .. o    |
[   18.382874] cloud-init[725]: |        o  o     |
[   18.383236] cloud-init[725]: |       o ++o=    |
[   18.383581] cloud-init[725]: |        S.*@+=o  |
[   18.383935] cloud-init[725]: |       . o.*OE*o |
[   18.384315] cloud-init[725]: |          BoB*+.o|
[   18.384689] cloud-init[725]: |         . B+o ..|
[   18.385088] cloud-init[725]: |          o..o.  |
[   18.385453] cloud-init[725]: +----[SHA256]-----+
[[0;32m  OK  [0m] Started Initial cloud-init job (metadata service crawler).
[[0;32m  OK  [0m] Reached target System Initialization.
[[0;32m  OK  [0m] Started Daily Cleanup of Temporary Directories.
         Starting LXD - unix socket.
[[0;32m  OK  [0m] Started Ubuntu Advantage update messaging.
[[0;32m  OK  [0m] Started Message of the Day.
[[0;32m  OK  [0m] Listening on UUID daemon activation socket.
[[0;32m  OK  [0m] Started Daily apt download activities.
[[0;32m  OK  [0m] Started ACPI Events Check.
[[0;32m  OK  [0m] Reached target Paths.
[[0;32m  OK  [0m] Started Daily apt upgrade and clean activities.
[[0;32m  OK  [0m] Listening on D-Bus System Message Bus Socket.
[[0;32m  OK  [0m] Listening on ACPID Listen Socket.
         Starting Socket activation for snappy daemon.
[[0;32m  OK  [0m] Started Discard unused blocks once a week.
[[0;32m  OK  [0m] Reached target Timers.
[[0;32m  OK  [0m] Listening on Open-iSCSI iscsid Socket.
[[0;32m  OK  [0m] Reached target Cloud-config availability.
[[0;32m  OK  [0m] Reached target Network is Online.
         Starting Availability of block devices...
[[0;32m  OK  [0m] Reached target Remote File Systems (Pre).
[[0;32m  OK  [0m] Reached target Remote File Systems.
[[0;32m  OK  [0m] Listening on LXD - unix socket.
[[0;32m  OK  [0m] Listening on Socket activation for snappy daemon.
[[0;32m  OK  [0m] Started Availability of block devices.
[[0;32m  OK  [0m] Reached target Sockets.
[[0;32m  OK  [0m] Reached target Basic System.
         Starting Login Service...
         Starting LXD - container startup/shutdown...
         Starting Accounts Service...
         Starting LSB: Record successful boot for GRUB...
[[0;32m  OK  [0m] Started FUSE filesystem for LXC.
[[0;32m  OK  [0m] Started D-Bus System Message Bus.
         Starting System Logging Service...
[[0;32m  OK  [0m] Started Deferred execution scheduler.
         Starting Dispatcher daemon for systemd-networkd...
         Starting Pollinate to seed the pseudo random number generator...
[[0;32m  OK  [0m] Started irqbalance daemon.
         Starting Permit User Sessions...
[[0;32m  OK  [0m] Started Regular background program processing daemon.
         Starting LSB: automatic crash report generation...
         Starting Snap Daemon...
         Starting Virtualbox guest utils...
[[0;32m  OK  [0m] Started System Logging Service.
[[0;32m  OK  [0m] Started LXD - container startup/shutdown.
[[0;32m  OK  [0m] Started Login Service.
[[0;32m  OK  [0m] Started Permit User Sessions.
         Starting Hold until boot process finishes up...
         Starting Terminate Plymouth Boot Screen...
         Starting Authorization Manager...
[[0;32m  OK  [0m] Started Unattended Upgrades Shutdown.
[[0;32m  OK  [0m] Started Hold until boot process finishes up.
         Starting Set console scheme...
[[0;32m  OK  [0m] Started Serial Getty on ttyS0.
[[0;32m  OK  [0m] Started Terminate Plymouth Boot Screen.
[[0;32m  OK  [0m] Started Authorization Manager.
[[0;32m  OK  [0m] Started Accounts Service.
[[0;32m  OK  [0m] Started Set console scheme.
[[0;32m  OK  [0m] Created slice system-getty.slice.
[[0;32m  OK  [0m] Started Getty on tty1.
[[0;32m  OK  [0m] Reached target Login Prompts.
[[0;32m  OK  [0m] Started LSB: automatic crash report generation.
[[0;32m  OK  [0m] Started LSB: Record successful boot for GRUB.
[[0;32m  OK  [0m] Started Virtualbox guest utils.
[[0;32m  OK  [0m] Started Dispatcher daemon for systemd-networkd.
[[0;32m  OK  [0m] Started Snap Daemon.
         Starting Wait until snapd is fully seeded...
[[0;32m  OK  [0m] Started Pollinate to seed the pseudo random number generator.
         Starting OpenBSD Secure Shell server...
[[0;32m  OK  [0m] Started OpenBSD Secure Shell server.
[[0;32m  OK  [0m] Created slice User Slice of vagrant.
         Starting User Manager for UID 1000...
[[0;32m  OK  [0m] Started Session 1 of user vagrant.
[[0;32m  OK  [0m] Started User Manager for UID 1000.
[[0;32m  OK  [0m] Started Wait until snapd is fully seeded.
         Starting Apply the settings specified in cloud-config...
[[0;32m  OK  [0m] Reached target Multi-User System.
[[0;32m  OK  [0m] Reached target Graphical Interface.
         Starting Update UTMP about System Runlevel Changes...
[[0;32m  OK  [0m] Started Update UTMP about System Runlevel Changes.
[   21.239522] cloud-init[1403]: Cloud-init v. 21.2-3-g899bfaa9-0ubuntu2~18.04.1 running 'modules:config' at Mon, 13 Sep 2021 10:27:04 +0000. Up 20.83 seconds.
[[0;32m  OK  [0m] Started Apply the settings specified in cloud-config.
         Starting Execute cloud user/final scripts...
ci-info: no authorized SSH keys fingerprints found for user ubuntu.
<14>Sep 13 10:27:05 cloud-init: #############################################################
<14>Sep 13 10:27:05 cloud-init: -----BEGIN SSH HOST KEY FINGERPRINTS-----
<14>Sep 13 10:27:05 cloud-init: 1024 SHA256:J5Ct2rlhRFFaWUwCz/4RCvREVDhNgQwZB8evYwPYa/k root@ubuntu-bionic (DSA)
<14>Sep 13 10:27:05 cloud-init: 256 SHA256:9En++Tsv7gvH2NEXW1LKbyRKV5n8KHAfMhm3PfWMHqE root@ubuntu-bionic (ECDSA)
<14>Sep 13 10:27:05 cloud-init: 256 SHA256:Rtt7hzhA0cf+prRKp1ErxF/mLT0Y7CFpMznYvL9GYN4 root@ubuntu-bionic (ED25519)
<14>Sep 13 10:27:05 cloud-init: 2048 SHA256:OW3vybXugr6N/IAD5F+ViAn3ttb7FWOFskVEyETW7uA root@ubuntu-bionic (RSA)
<14>Sep 13 10:27:05 cloud-init: -----END SSH HOST KEY FINGERPRINTS-----
<14>Sep 13 10:27:05 cloud-init: #############################################################
-----BEGIN SSH HOST KEY KEYS-----
ecdsa-sha2-nistp256 AAAAE2VjZHNhLXNoYTItbmlzdHAyNTYAAAAIbmlzdHAyNTYAAABBBPvHHR3dTJKQnZFNOcUjy5YdCfi8DWNwrgt6osJae9wrNtbP7OUbOxykF0eX9j83yUSNjp38wb+pFduXhkB4oxo= root@ubuntu-bionic
ssh-ed25519 AAAAC3NzaC1lZDI1NTE5AAAAIP2/iSZhN1Bj7q1Gzd1cShOKekUC0Dykxtw7AcggdN4L root@ubuntu-bionic
ssh-rsa AAAAB3NzaC1yc2EAAAADAQABAAABAQDOV7d37D7n6HK/3yD1F3HzxKC1hEfRLWebzr/AbmvPk8zgpjLFCkqV/pULrG3xapPJ+3DDrlU65XtlAZusPXInBRPk+SuFSWBOFR5Ux1OZwMsdk4x4Iul4pbQOM8dVpj9Oyi6aozW60EERgFGAss2P+ODDQFSbxNUF1EZAXuXTctpf/jo7OGZIUA66wd9ZFDVGQZPOybKPX9cXR8B40t8iqwvlsEMwoPQw384/eL4m92AgfFAxbYUtOpsourWHMSeJsvjHGqId/pKiDrCSrw2NDRH02jpZyfjK2XlORAsrjTb7UD8diHvDEjhM2gKb3KpCnylEb1ycj/79fsTtqK8F root@ubuntu-bionic
-----END SSH HOST KEY KEYS-----
[   21.751643] cloud-init[1563]: Cloud-init v. 21.2-3-g899bfaa9-0ubuntu2~18.04.1 running 'modules:final' at Mon, 13 Sep 2021 10:27:05 +0000. Up 21.61 seconds.
[   21.752362] cloud-init[1563]: ci-info: no authorized SSH keys fingerprints found for user ubuntu.
[   21.752925] cloud-init[1563]: Cloud-init v. 21.2-3-g899bfaa9-0ubuntu2~18.04.1 finished at Mon, 13 Sep 2021 10:27:05 +0000. Datasource DataSourceNoCloud [seed=/dev/sdb][dsmode=net].  Up 21.74 seconds
[[0;32m  OK  [0m] Started Execute cloud user/final scripts.
[[0;32m  OK  [0m] Reached target Cloud-init target.

Ubuntu 18.04.5 LTS ubuntu-bionic ttyS0

ubuntu-bionic login: 